CREATE EXTENSION IF NOT EXISTS pg_tde;
-- server restart
SELECT pg_tde_add_key_provider_file('file-vault','/tmp/pg_tde_test_keyring.per');
1
SELECT pg_tde_add_key_provider_file('file-2','/tmp/pg_tde_test_keyring_2.per');
2
SELECT pg_tde_add_key_provider_file('PG_TDE_GLOBAL', 'file-2','/tmp/pg_tde_test_keyring_2g.per');
-2
SELECT pg_tde_add_key_provider_file('PG_TDE_GLOBAL', 'file-3','/tmp/pg_tde_test_keyring_3.per');
-3
SELECT pg_tde_list_all_key_providers();
(1,file-vault,file,"{""type"" : ""file"", ""path"" : ""/tmp/pg_tde_test_keyring.per""}")
(2,file-2,file,"{""type"" : ""file"", ""path"" : ""/tmp/pg_tde_test_keyring_2.per""}")
SELECT pg_tde_set_principal_key('test-db-principal-key','file-vault');
t
CREATE TABLE test_enc(id SERIAL,k INTEGER,PRIMARY KEY (id)) USING tde_heap_basic;
INSERT INTO test_enc (k) VALUES (5),(6);
SELECT * FROM test_enc ORDER BY id ASC;
1|5
2|6
0
SELECT * FROM test_enc ORDER BY id ASC;
1|5
2|6
-- server restart
SELECT key_provider_id, key_provider_name, principal_key_name FROM pg_tde_principal_key_info();
1|file-vault|rotated-principal-key1
SELECT key_provider_id, key_provider_name, principal_key_name FROM pg_tde_principal_key_info('PG_TDE_GLOBAL');
-1|default_global_tablespace_keyring|tde-global-catalog-key
SELECT * FROM test_enc ORDER BY id ASC;
1|5
2|6
SELECT pg_tde_set_principal_key('rotated-principal-key2','file-2');
t
SELECT * FROM test_enc ORDER BY id ASC;
1|5
2|6
-- server restart
SELECT key_provider_id, key_provider_name, principal_key_name FROM pg_tde_principal_key_info();
2|file-2|rotated-principal-key2
SELECT key_provider_id, key_provider_name, principal_key_name FROM pg_tde_principal_key_info('PG_TDE_GLOBAL');
-1|default_global_tablespace_keyring|tde-global-catalog-key
SELECT * FROM test_enc ORDER BY id ASC;
1|5
2|6
SELECT pg_tde_set_principal_key('rotated-principal-key', 'PG_TDE_GLOBAL', 'file-3', false);
t
SELECT * FROM test_enc ORDER BY id ASC;
1|5
2|6
-- server restart
SELECT key_provider_id, key_provider_name, principal_key_name FROM pg_tde_principal_key_info();
-3|file-3|rotated-principal-key
SELECT key_provider_id, key_provider_name, principal_key_name FROM pg_tde_principal_key_info('PG_TDE_GLOBAL');
-1|default_global_tablespace_keyring|tde-global-catalog-key
SELECT * FROM test_enc ORDER BY id ASC;
1|5
2|6
SELECT pg_tde_set_principal_key('rotated-principal-keyX', 'PG_TDE_GLOBAL', 'file-2', false);
t
SELECT * FROM test_enc ORDER BY id ASC;
1|5
2|6
-- server restart
SELECT key_provider_id, key_provider_name, principal_key_name FROM pg_tde_principal_key_info();
-2|file-2|rotated-principal-keyX
SELECT key_provider_id, key_provider_name, principal_key_name FROM pg_tde_principal_key_info('PG_TDE_GLOBAL');
-1|default_global_tablespace_keyring|tde-global-catalog-key
SELECT * FROM test_enc ORDER BY id ASC;
1|5
2|6
ALTER SYSTEM SET pg_tde.inherit_global_providers = OFF;
-- server restart
psql:<stdin>:1: ERROR:  Usage of global key providers is disabled. Enable it with pg_tde.inherit_global_providers = ON
SELECT key_provider_id, key_provider_name, principal_key_name FROM pg_tde_principal_key_info();
-2|file-2|rotated-principal-keyX
SELECT key_provider_id, key_provider_name, principal_key_name FROM pg_tde_principal_key_info('PG_TDE_GLOBAL');
-1|default_global_tablespace_keyring|tde-global-catalog-key
SELECT pg_tde_set_principal_key('rotated-principal-key2','file-2');
t
SELECT key_provider_id, key_provider_name, principal_key_name FROM pg_tde_principal_key_info();
2|file-2|rotated-principal-key2
SELECT key_provider_id, key_provider_name, principal_key_name FROM pg_tde_principal_key_info('PG_TDE_GLOBAL');
-1|default_global_tablespace_keyring|tde-global-catalog-key
DROP TABLE test_enc;
ALTER SYSTEM RESET pg_tde.inherit_global_providers;
DROP EXTENSION pg_tde CASCADE;

