CREATE EXTENSION IF NOT EXISTS pg_tde;
CREATE TABLE test_enc1(id SERIAL,k INTEGER,PRIMARY KEY (id)) USING tde_heap_basic;
INSERT INTO test_enc1 (k) VALUES (5),(6);
SELECT * FROM test_enc1 ORDER BY id ASC;
1|5
2|6
-- server restart
SELECT * FROM test_enc1 ORDER BY id ASC;
1|5
2|6
DROP TABLE test_enc1;
DROP EXTENSION pg_tde;
