CREATE EXTENSION IF NOT EXISTS pg_tde;
-- server restart
CREATE TABLE test_enc1(id SERIAL,k VARCHAR(32),PRIMARY KEY (id)) USING tde_heap;
INSERT INTO test_enc1 (k) VALUES ('foobar'),('barfoo');
SELECT * FROM test_enc1 ORDER BY id ASC;
1|foobar
2|barfoo
CREATE TABLE test_enc2(id SERIAL,k VARCHAR(32),PRIMARY KEY (id));
INSERT INTO test_enc2 (k) VALUES ('foobar'),('barfoo');
ALTER TABLE test_enc2 SET ACCESS METHOD tde_heap;
SELECT * FROM test_enc2 ORDER BY id ASC;
1|foobar
2|barfoo
SET default_table_access_method = "tde_heap"; CREATE TABLE test_enc3(id SERIAL,k VARCHAR(32),PRIMARY KEY (id));
INSERT INTO test_enc3 (k) VALUES ('foobar'),('barfoo');
SELECT * FROM test_enc3 ORDER BY id ASC;
1|foobar
2|barfoo
INSERT INTO test_enc4 (k) VALUES ('foobar'),('barfoo');
SELECT * FROM test_enc4 ORDER BY id ASC;
1|foobar
2|barfoo
CREATE TABLE test_enc5(id SERIAL,k VARCHAR(32),PRIMARY KEY (id)) USING tde_heap;
INSERT INTO test_enc5 (k) VALUES ('foobar'),('barfoo');
CHECKPOINT;
TRUNCATE test_enc5;
INSERT INTO test_enc5 (k) VALUES ('foobar'),('barfoo');
SELECT * FROM test_enc5 ORDER BY id ASC;
3|foobar
4|barfoo
-- server restart
###########################
SELECT * FROM test_enc1 ORDER BY id ASC;
1|foobar
2|barfoo
TABLEFILE FOR test_enc1 FOUND: yes
CONTAINS FOO (should be empty): 
###########################
SELECT * FROM test_enc2 ORDER BY id ASC;
1|foobar
2|barfoo
TABLEFILE FOR test_enc2 FOUND: yes
CONTAINS FOO (should be empty): 
###########################
SELECT * FROM test_enc3 ORDER BY id ASC;
1|foobar
2|barfoo
TABLEFILE FOR test_enc3 FOUND: yes
CONTAINS FOO (should be empty): 
###########################
SELECT * FROM test_enc4 ORDER BY id ASC;
1|foobar
2|barfoo
TABLEFILE FOR test_enc4 FOUND: yes
CONTAINS FOO (should be empty): 
###########################
SELECT * FROM test_enc5 ORDER BY id ASC;
3|foobar
4|barfoo
TABLEFILE FOR test_enc5 FOUND: yes
CONTAINS FOO (should be empty): 
TABLEFILE2 FOUND: yes

CONTAINS FOO (should be empty): 
TABLEFILE3 FOUND: yes

CONTAINS FOO (should be empty): 
TABLEFILE4 FOUND: yes

CONTAINS FOO (should be empty): 
DROP TABLE test_enc1;
DROP TABLE test_enc2;
DROP TABLE test_enc3;
DROP TABLE test_enc4;
DROP TABLE test_enc5;
DROP EXTENSION pg_tde;
