\set tde_am tde_heap_basic
\i sql/change_access_method.inc
CREATE EXTENSION IF NOT EXISTS pg_tde;
SELECT pg_tde_add_key_provider_file('file-vault','/tmp/pg_tde_test_keyring.per');
 pg_tde_add_key_provider_file 
------------------------------
                            1
(1 row)

SELECT pg_tde_set_principal_key('test-db-principal-key','file-vault');
 pg_tde_set_principal_key 
--------------------------
 t
(1 row)

CREATE TABLE country_table (
     country_id        serial primary key,
     country_name    text unique not null,
     continent        text not null
) using :tde_am;
psql:sql/change_access_method.inc:10: WARNING:  tde_heap_basic is deprecated, and will be removed in the next release. Please migrate tables to tde_heap.
psql:sql/change_access_method.inc:10: WARNING:  tde_heap_basic is deprecated, and will be removed in the next release. Please migrate tables to tde_heap.
psql:sql/change_access_method.inc:10: WARNING:  tde_heap_basic is deprecated, and will be removed in the next release. Please migrate tables to tde_heap.
psql:sql/change_access_method.inc:10: WARNING:  tde_heap_basic is deprecated, and will be removed in the next release. Please migrate tables to tde_heap.
psql:sql/change_access_method.inc:10: WARNING:  tde_heap_basic is deprecated, and will be removed in the next release. Please migrate tables to tde_heap.
 
INSERT INTO country_table (country_name, continent)
     VALUES ('Japan', 'Asia'),
            ('UK', 'Europe'),
            ('USA', 'North America');
psql:sql/change_access_method.inc:15: WARNING:  tde_heap_basic is deprecated, and will be removed in the next release. Please migrate tables to tde_heap.
psql:sql/change_access_method.inc:15: WARNING:  tde_heap_basic is deprecated, and will be removed in the next release. Please migrate tables to tde_heap.
psql:sql/change_access_method.inc:15: WARNING:  tde_heap_basic is deprecated, and will be removed in the next release. Please migrate tables to tde_heap.
SELECT * FROM country_table;
psql:sql/change_access_method.inc:17: WARNING:  tde_heap_basic is deprecated, and will be removed in the next release. Please migrate tables to tde_heap.
 country_id | country_name |   continent   
------------+--------------+---------------
          1 | Japan        | Asia
          2 | UK           | Europe
          3 | USA          | North America
(3 rows)

SELECT pg_tde_is_encrypted('country_table');
 pg_tde_is_encrypted 
---------------------
 t
(1 row)

-- Try changing the encrypted table to an unencrypted table
ALTER TABLE country_table SET access method  heap;
psql:sql/change_access_method.inc:22: WARNING:  tde_heap_basic is deprecated, and will be removed in the next release. Please migrate tables to tde_heap.
-- Insert some more data 
INSERT INTO country_table (country_name, continent)
     VALUES ('France', 'Europe'),
            ('Germany', 'Europe'),
            ('Canada', 'North America');
SELECT * FROM country_table;
 country_id | country_name |   continent   
------------+--------------+---------------
          1 | Japan        | Asia
          2 | UK           | Europe
          3 | USA          | North America
          4 | France       | Europe
          5 | Germany      | Europe
          6 | Canada       | North America
(6 rows)

SELECT pg_tde_is_encrypted('country_table');
 pg_tde_is_encrypted 
---------------------
 f
(1 row)

-- Change it back to encrypted
ALTER TABLE country_table SET access method  :tde_am;
psql:sql/change_access_method.inc:33: WARNING:  tde_heap_basic is deprecated, and will be removed in the next release. Please migrate tables to tde_heap.
psql:sql/change_access_method.inc:33: WARNING:  tde_heap_basic is deprecated, and will be removed in the next release. Please migrate tables to tde_heap.
psql:sql/change_access_method.inc:33: WARNING:  tde_heap_basic is deprecated, and will be removed in the next release. Please migrate tables to tde_heap.
psql:sql/change_access_method.inc:33: WARNING:  tde_heap_basic is deprecated, and will be removed in the next release. Please migrate tables to tde_heap.
psql:sql/change_access_method.inc:33: WARNING:  tde_heap_basic is deprecated, and will be removed in the next release. Please migrate tables to tde_heap.
psql:sql/change_access_method.inc:33: WARNING:  tde_heap_basic is deprecated, and will be removed in the next release. Please migrate tables to tde_heap.
psql:sql/change_access_method.inc:33: WARNING:  tde_heap_basic is deprecated, and will be removed in the next release. Please migrate tables to tde_heap.
psql:sql/change_access_method.inc:33: WARNING:  tde_heap_basic is deprecated, and will be removed in the next release. Please migrate tables to tde_heap.
psql:sql/change_access_method.inc:33: WARNING:  tde_heap_basic is deprecated, and will be removed in the next release. Please migrate tables to tde_heap.
psql:sql/change_access_method.inc:33: WARNING:  tde_heap_basic is deprecated, and will be removed in the next release. Please migrate tables to tde_heap.
psql:sql/change_access_method.inc:33: WARNING:  tde_heap_basic is deprecated, and will be removed in the next release. Please migrate tables to tde_heap.
INSERT INTO country_table (country_name, continent)
     VALUES ('China', 'Asia'),
            ('Brazil', 'South America'),
            ('Australia', 'Oceania');
psql:sql/change_access_method.inc:38: WARNING:  tde_heap_basic is deprecated, and will be removed in the next release. Please migrate tables to tde_heap.
psql:sql/change_access_method.inc:38: WARNING:  tde_heap_basic is deprecated, and will be removed in the next release. Please migrate tables to tde_heap.
psql:sql/change_access_method.inc:38: WARNING:  tde_heap_basic is deprecated, and will be removed in the next release. Please migrate tables to tde_heap.
SELECT * FROM country_table;
psql:sql/change_access_method.inc:39: WARNING:  tde_heap_basic is deprecated, and will be removed in the next release. Please migrate tables to tde_heap.
 country_id | country_name |   continent   
------------+--------------+---------------
          1 | Japan        | Asia
          2 | UK           | Europe
          3 | USA          | North America
          4 | France       | Europe
          5 | Germany      | Europe
          6 | Canada       | North America
          7 | China        | Asia
          8 | Brazil       | South America
          9 | Australia    | Oceania
(9 rows)

SELECT pg_tde_is_encrypted('country_table');
 pg_tde_is_encrypted 
---------------------
 t
(1 row)

CREATE TABLE country_table2 (
     country_id        serial primary key,
     country_name    text unique not null,
     continent        text not null
);
SET pg_tde.enforce_encryption = ON;
CREATE TABLE country_table3 (
     country_id        serial primary key,
     country_name    text unique not null,
     continent        text not null
) USING heap;
psql:sql/change_access_method.inc:54: ERROR:  pg_tde.enforce_encryption is ON, only the tde_heap access method is allowed.
 
ALTER TABLE country_table SET access method  heap;
psql:sql/change_access_method.inc:56: ERROR:  pg_tde.enforce_encryption is ON, only the tde_heap access method is allowed.
ALTER TABLE country_table2 SET access method  :tde_am;
psql:sql/change_access_method.inc:58: ERROR:  pg_tde.enforce_encryption is ON, only the tde_heap access method is allowed.
CREATE TABLE country_table3 (
     country_id        serial primary key,
     country_name    text unique not null,
     continent        text not null
) using :tde_am;
psql:sql/change_access_method.inc:64: ERROR:  pg_tde.enforce_encryption is ON, only the tde_heap access method is allowed.
DROP TABLE country_table;
DROP TABLE country_table2;
DROP TABLE country_table3;
psql:sql/change_access_method.inc:68: ERROR:  table "country_table3" does not exist
SET pg_tde.enforce_encryption = OFF;
DROP EXTENSION pg_tde;
