-- basic tests for pg_tde_create_wal_key
-- doesn't test actual wal encryption, as that requires a server restart,
-- only sanity checks for the key creation
CREATE EXTENSION IF NOT EXISTS pg_tde;
SELECT pg_tde_create_wal_key();
ERROR:  WAL key already exists.
SELECT pg_tde_add_global_key_provider_file('file-keyring','/tmp/pg_tde_test_keyring.per');
 pg_tde_add_global_key_provider_file 
-------------------------------------
                                  -2
(1 row)

SELECT pg_tde_create_wal_key();
ERROR:  WAL key already exists.
-- db local principal key with global provider
SELECT pg_tde_set_global_principal_key('test-db-principal-key', 'file-keyring', true);
ERROR:  failed to create principal key: already exists
SELECT pg_tde_create_wal_key();
ERROR:  WAL key already exists.
SELECT pg_tde_set_server_principal_key('test-db-principal-key', 'file-keyring');
 pg_tde_set_server_principal_key 
---------------------------------
 t
(1 row)

-- and now it should work!
SELECT pg_tde_create_wal_key();
ERROR:  WAL key already exists.
-- and now it shouldn't create a new one!
SELECT pg_tde_create_wal_key();
ERROR:  WAL key already exists.
DROP EXTENSION pg_tde;
